// Jest Snapshot v1, https://goo.gl/fbAQLP

exports[`<Coin /> should render correctly 1`] = `
.c0 {
  display: grid;
  grid-template-columns: min-content 4rem 1fr 1fr 5rem;
  grid-template-rows: 1fr 1fr;
  grid-template-areas: "logo symbol name current high" "logo symbol name current low" "details details details details details";
  -webkit-column-gap: 1rem;
  column-gap: 1rem;
  width: 100%;
  padding: 0.5rem 1.25rem;
  border-radius: 1rem;
  color: #62616b;
  background-color: #FCFCFC;
  cursor: pointer;
}

.c1 {
  grid-area: logo;
  -webkit-align-self: center;
  -ms-flex-item-align: center;
  align-self: center;
  height: 2.5rem;
  width: 2.5rem;
}

.c2 {
  grid-area: symbol;
  justify-self: end;
  -webkit-align-self: center;
  -ms-flex-item-align: center;
  align-self: center;
  font-size: 1.25rem;
}

.c3 {
  grid-area: name;
  -webkit-align-self: center;
  -ms-flex-item-align: center;
  align-self: center;
  font-size: 1.25rem;
}

.c4 {
  grid-area: current;
  justify-self: end;
  -webkit-align-self: center;
  -ms-flex-item-align: center;
  align-self: center;
  font-size: 1.25rem;
}

.c5 {
  grid-area: high;
  justify-self: start;
  -webkit-align-self: center;
  -ms-flex-item-align: center;
  align-self: center;
  font-size: 0.875rem;
  color: #71B48D;
}

.c6 {
  grid-area: low;
  justify-self: start;
  -webkit-align-self: center;
  -ms-flex-item-align: center;
  align-self: center;
  font-size: 0.875rem;
  color: #EEA081;
}

@media (max-width:600px) {
  .c0 {
    grid-template-columns: 4rem 1fr 1fr;
    grid-template-rows: repeat(4,auto);
    grid-template-areas: "logo name high" "logo name current" "logo symbol current" "logo symbol low" "details details details";
    padding: 1.25rem;
  }
}

@media (max-width:600px) {
  .c1 {
    height: 4rem;
    width: 4rem;
  }
}

@media (max-width:600px) {
  .c2 {
    justify-self: start;
    -webkit-align-self: start;
    -ms-flex-item-align: start;
    align-self: start;
  }
}

@media (max-width:600px) {
  .c3 {
    -webkit-align-self: end;
    -ms-flex-item-align: end;
    align-self: end;
  }
}

@media (max-width:600px) {
  .c4 {
    font-size: 1rem;
  }
}

@media (max-width:600px) {
  .c5 {
    justify-self: end;
    -webkit-align-self: start;
    -ms-flex-item-align: start;
    align-self: start;
  }
}

@media (max-width:600px) {
  .c6 {
    justify-self: end;
    -webkit-align-self: end;
    -ms-flex-item-align: end;
    align-self: end;
  }
}

<div
  class="c0"
  data-testid="coin-wrapper"
>
  <img
    class="c1"
    src="https://assets.coingecko.com/coins/images/1/large/bitcoin.png?1547033579"
  />
  <span
    class="c2"
  >
    [btc]
  </span>
  <span
    class="c3"
  >
    Bitcoin
  </span>
  <span
    class="c4"
  >
    €54,712.00
  </span>
  <span
    class="c5"
  >
    €54,796.00
  </span>
  <span
    class="c6"
  >
    €52,164.00
  </span>
</div>
`;
